// Vitest Snapshot v1, https://vitest.dev/guide/snapshot.html

exports[`ReadView snapshots > two sections with stats 1`] = `"<div class="view view--read"><div class="read__stats"><span class="read__stat"><span class="read__stat-label">Scale</span><span class="read__stat-value">8.4</span></span><span class="read__stat"><span class="read__stat-label">Trimmed</span><span class="read__stat-value">~62%</span></span><span class="read__stat"><span class="read__stat-label">Terms</span><span class="read__stat-value">3</span></span></div><section class="read__section"><h3 class="read__heading">Premise</h3><p class="read__paragraph">The piece opens by stating the <span class="term" data-slot="0" title="The thesis.">central claim</span>.</p></section><section class="read__section"><h3 class="read__heading">Tensions</h3><p class="read__paragraph">Counter-argument lives here.</p><p class="read__paragraph">And a follow-up that resolves it.</p></section></div>"`;
